-19.837
-1.238
-0.698
-0.534
-0.468
0.019
0.049
0.149
0.170
0.186
